31
29
111
29
29
29
29
29
95
111
111
95
29
29
29
92
31
29
29
120
95
92
95
92
95
92
29
29
29
29
31
31
29
29
95
31
95
92
92
111
92
92
95
92
92
29
29
29
29
95
111
31
95
95
111
111
95
29
29
31
95
29
29
29
31
31
92
111
95
95
95
95
92
95
95
92
92
92
29
95
92
92
95
95
111
92
92
95
95
95
95
92
92
95
95
95
92
92
92
29
111
111
111
95
95
111
92
29
95
95
111
95
111
120
171
29
111
120
120
120
120
120
95
194
167
239
167
239
171
194
111
171
167
167
239
171
194
194
194
194
194
239
171
167
167
167
194
194
194
171
167
194
194
194
232
194
171
194
171
232
194
167
167
171
167
167
167
167
167
171
171
171
167
167
167
167
167
171
167
167
167
167
167
167
167
167
167
167
194
194
194
194
194
194
194
167
167
171
171
167
167
167
167
167
167
167
194
167
167
167
167
167
167
167
167
167
167
167
194
194
194
232
239
239
239
239
171
239
266
266
232
232
232
245
266
266
239
239
239
239
239
194
232
245
245
266
232
245
245
245
245
239
92
245
270
270
266
239
266
266
266
245
270
266
266
266
266
266
245
270
270
270
270
245
245
194
339
347
266
245
245
266
266
270
232
270
270
266
239
239
194
266
266
270
270
270
239
347
266
232
270
270
270
245
266
339
232
245
245
239
339
339
339
339
339
347
339
339
239
239
339
339
347
347
245
347
270
347
347
339
339
339
194
194
347
339
232
339
339
347
339
339
347
347
266
347
347
266
347
266
270
347
339
347
347
266
95
266
239
339
347
347
347
266
266
