3
27
3
32
32
3
69
3
3
3
32
32
3
27
3
27
3
69
32
69
27
3
27
27
32
32
27
27
27
69
3
32
32
27
322
27
27
27
69
346
3
3
69
27
27
125
32
69
27
69
27
27
69
32
27
27
3
3
3
32
125
322
69
3
3
346
32
32
69
3
27
69
27
125
32
69
322
3
3
27
322
159
3
322
3
3
93
125
32
27
346
3
93
346
364
125
159
364
169
169
3
3
159
125
3
93
93
93
3
32
32
364
364
3
27
93
125
125
69
93
3
27
346
32
125
3
169
364
169
322
125
125
3
169
93
169
169
159
159
27
27
93
93
169
159
125
93
169
93
169
169
159
159
169
169
169
169
169
159
159
322
27
169
169
169
159
125
27
169
169
169
169
203
203
27
169
169
169
169
159
159
169
270
203
203
270
203
203
270
203
203
270
203
203
203
203
203
270
270
203
203
203
203
203
203
203
203
245
245
322
270
203
203
348
270
203
245
203
203
245
270
203
270
203
270
270
203
270
270
245
270
270
270
270
270
245
203
270
270
270
270
270
270
270
245
245
245
245
245
270
270
270
270
270
245
245
270
245
245
245
270
270
270
245
245
32
270
32
245
270
270
245
245
245
298
298
298
93
159
348
298
298
298
298
298
298
364
298
364
298
298
348
298
298
298
298
364
298
348
348
322
322
364
322
298
298
348
298
364
364
298
298
348
348
322
322
364
322
346
348
348
322
364
364
364
364
346
322
322
346
322
364
364
348
348
346
346
346
322
364
32
348
322
364
346
346
364
348
348
364
322
364
364
364
348
348
346
346
346
69
364
322
348
364
364
